<html>
<body>
<pre>
<h1>µVision Build Log</h1>
<h2>Project:</h2>
C:\Users\Roble\Desktop\College\CS1021\Lab-0-1-Demo\Demo.uvproj
Project File Date:  10/10/2016

<h2>Output:</h2>
Rebuild target 'Simulator'
assembling Demo.s...
linking...
Program Size: Code=832 RO-data=32 RW-data=20 ZI-data=4364  
".\Demo.axf" - 0 Error(s), 0 Warning(s).
</pre>
</body>
</html>

 30
".\Demo.axf" - 1 Error(s), 1 Warning(s).
Target not created
Error: Could not load file 'C:\Users\Roble\Desktop\College\CS1021\Lab-0-1-Demo\Demo.axf'. Debugger aborted !
iate 0x0000010A cannot be represented by 0-255 and a rotation
"Demo.s" - 1 Error(s), 0 Warning(s).
