<html>
<body>
<pre>
<h1>µVision Build Log</h1>
<h2>Project:</h2>
U:\Computing 2\Lab.2.1.ValToDec\Val2Dec.uvproj
Project File Date:  02/03/2017

<h2>Output:</h2>
Rebuild target 'Simulator'
assembling Val2Dec.s...
linking...
Program Size: Code=804 RO-data=32 RW-data=20 ZI-data=4364  
".\Val2Dec.axf" - 0 Errors, 0 Warning(s).
Rebuild target 'Simulator'
assembling Val2Dec.s...
Val2Dec.s(21): error: A1215E: Bad register list symbol
".\Val2Dec.axf" - 1 Errors, 0 Warning(s).
Target not created
Rebuild target 'Simulator'
assembling Val2Dec.s...
linking...
Program Size: Code=804 RO-data=32 RW-data=20 ZI-data=4364  
".\Val2Dec.axf" - 0 Errors, 0 Warning(s).
Rebuild target 'Simulator'
assembling Val2Dec.s...
Val2Dec.s(20): error: A1137E: Unexpected characters at end of line
".\Val2Dec.axf" - 1 Errors, 0 Warning(s).
Target not created
Rebuild target 'Simulator'
assembling Val2Dec.s...
linking...
Program Size: Code=800 RO-data=32 RW-data=20 ZI-data=4364  
".\Val2Dec.axf" - 0 Errors, 0 Warning(s).
Rebuild target 'Simulator'
assembling Val2Dec.s...
linking...
Program Size: Code=800 RO-data=32 RW-data=20 ZI-data=4364  
".\Val2Dec.axf" - 0 Errors, 0 Warning(s).
Rebuild target 'Simulator'
assembling Val2Dec.s...
linking...
Program Size: Code=804 RO-data=32 RW-data=20 ZI-data=4364  
".\Val2Dec.axf" - 0 Errors, 0 Warning(s).
